[0;32mI (183) boot: Loaded app from partition at offset 0x10000[0m
[0;32mI (183) boot: Disablingï¿½ets Jun  8 2016 00:22:57

rst:0x1 (POWERON_RESET),boot:0x13 (SPI_FAST_FLASH_BOOT)
configsip: 0, SPIWP:0xee
clk_drv:0x00,q_drv:0x00,d_drv:0x00,cs0_drv:0x00,hd_drv:0x00,wp_drv:0x00
mode:DIO, clock div:2
load:0x3fff0030,len:7084
ho 0 tail 12 room 4
load:0x40078000,len:15584
load:0x40080400,len:4
load:0x40080404,len:3876
entry 0x4008064c
[0;32mI (31) boot: ESP-IDF v5.1.1-dirty 2nd stage bootloader[0m
[0;32mI (31) boot: compile time Sep 19 2023 14:38:21[0m
[0;32mI (31) boot: Multicore bootloader[0m
[0;32mI (35) boot: chip revision: v1.0[0m
[0;32mI (39) boot.esp32: SPI Speed      : 40MHz[0m
[0;32mI (44) boot.esp32: SPI Mode       : DIO[0m
[0;32mI (48) boot.esp32: SPI Flash Size : 2MB[0m
[0;32mI (53) boot: Enabling RNG early entropy source...[0m
[0;32mI (58) boot: Partition Table:[0m
[0;32mI (62) boot: ## Label            Usage          Type ST Offset   Length[0m
[0;32mI (69) boot:  0 nvs              WiFi data        01 02 00009000 00006000[0m
[0;32mI (77) boot:  1 phy_init         RF data          01 01 0000f000 00001000[0m
[0;32mI (84) boot:  2 factory          factory app      00 00 00010000 00100000[0m
[0;32mI (92) boot: End of partition table[0m
[0;32mI (96) esp_image: segment 0: paddr=00010020 vaddr=3f400020 size=09bb4h ( 39860) map[0m
[0;32mI (119) esp_image: segment 1: paddr=00019bdc vaddr=3ffb0000 size=02100h (  8448) load[0m
[0;32mI (122) esp_image: segment 2: paddr=0001bce4 vaddr=40080000 size=04334h ( 17204) load[0m
[0;32mI (132) esp_image: segment 3: paddr=00020020 vaddr=400d0020 size=14b24h ( 84772) map[0m
[0;32mI (164) esp_image: segment 4: paddr=00034b4c vaddr=40084334 size=07cb0h ( 31920) load[0m
[0;32mI (183) boot: Loaded app from partition at offset 0x10000[0m
[0;32mI (183) boot: Disabling RNG early entropy source...[0m
[0;32mI (195) cpu_start: Multicore app[0m
[0;32mI (195) cpu_start: Pro cpu up.[0m
[0;32mI (195) cpu_start: Starting app cpu, entry point is 0x400810e8[0m
[0;32mI (0) cpu_start: App cpu up.[0m
[0;32mI (213) cpu_start: Pro cpu start user code[0m
[0;32mI (213) cpu_start: cpu freq: 160000000 Hz[0m
[0;32mI (213) cpu_start: Application information:[0m
[0;32mI (218) cpu_start: Project name:     main[0m
[0;32mI (223) cpu_start: App version:      1[0m
[0;32mI (227) cpu_start: Compile time:     Sep 19 2023 14:42:07[0m
[0;32mI (233) cpu_start: ELF file SHA256:  bab24d24fe526516...[0m
[0;32mI (239) cpu_start: ESP-IDF:          v5.1.1-dirty[0m
[0;32mI (244) cpu_start: Min chip rev:     v0.0[0m
[0;32mI (249) cpu_start: Max chip rev:     v3.99 [0m
[0;32mI (254) cpu_start: Chip rev:         v1.0[0m
[0;32mI (259) heap_init: Initializing. RAM available for dynamic allocation:[0m
[0;32mI (266) heap_init: At 3FFAE6E0 len 00001920 (6 KiB): DRAM[0m
[0;32mI (272) heap_init: At 3FFB2978 len 0002D688 (181 KiB): DRAM[0m
[0;32mI (278) heap_init: At 3FFE0440 len 00003AE0 (14 KiB): D/IRAM[0m
[0;32mI (285) heap_init: At 3FFE4350 len 0001BCB0 (111 KiB): D/IRAM[0m
[0;32mI (291) heap_init: At 4008BFE4 len 0001401C (80 KiB): IRAM[0m
[0;32mI (299) spi_flash: detected chip: generic[0m
[0;32mI (302) spi_flash: flash io: dio[0m
[0;33mW (306) spi_flash: Detected size(4096k) larger than the size in the binary image header(2048k). Using the size in the binary image header.[0m
[0;33mW (319) ADC: legacy driver is deprecated, please migrate to `esp_adc/adc_oneshot.h`[0m
[0;32mI (328) app_start: Starting scheduler on CPU0[0m
[0;32mI (332) app_start: Starting scheduler on CPU1[0m
[0;32mI (332) main_task: Started on CPU0[0m
[0;32mI (342) main_task: Calling app_main()[0m
eFuse Two Point: NOT supported
eFuse Vref: Supported
Characterized using eFuse Vref
Raw: 477	Voltage: 189
Raw: 470	Voltage: 187
Raw: 469	Voltage: 187
Raw: 470	Voltage: 187
Raw: 467	Voltage: 186
Raw: 471	Voltage: 187
Raw: 470	Voltage: 187
Raw: 467	Voltage: 186
Raw: 476	Voltage: 188
Raw: 473	Voltage: 188
Raw: 469	Voltage: 187
Raw: 470	Voltage: 187
Raw: 469	Voltage: 187
Raw: 472	Voltage: 187
Raw: 473	Voltage: 188
Raw: 469	Voltage: 187
Raw: 471	Voltage: 187
Raw: 470	Voltage: 187
Raw: 469	Voltage: 187
Raw: 472	Voltage: 187
Raw: 472	Voltage: 187
Raw: 468	Voltage: 187
Raw: 469	Voltage: 187
Raw: 471	Voltage: 187
Raw: 458	Voltage: 184
Raw: 471	Voltage: 187
Raw: 469	Voltage: 187
Raw: 479	Voltage: 189
Raw: 468	Voltage: 187
Raw: 471	Voltage: 187
Raw: 470	Voltage: 187
Raw: 469	Voltage: 187
Raw: 472	Voltage: 187
Raw: 468	Voltage: 187
Raw: 472	Voltage: 187
Raw: 468	Voltage: 187
Raw: 470	Voltage: 187
Raw: 469	Voltage: 187
Raw: 470	Voltage: 187
Raw: 473	Voltage: 188
Raw: 473	Voltage: 188
Raw: 473	Voltage: 188
Raw: 469	Voltage: 187
Raw: 472	Voltage: 187
Raw: 470	Voltage: 187
Raw: 470	Voltage: 187
Raw: 472	Voltage: 187
Raw: 471	Voltage: 187
Raw: 471	Voltage: 187
Raw: 473	Voltage: 188
Raw: 470	Voltage: 187
Raw: 469	Voltage: 187
Raw: 470	Voltage: 187
Raw: 445	Voltage: 181
Raw: 555	Voltage: 207
Raw: 473	Voltage: 188
Raw: 469	Voltage: 187
Raw: 475	Voltage: 188
Raw: 472	Voltage: 187
Raw: 481	Voltage: 190
Raw: 468	Voltage: 187
Raw: 469	Voltage: 187
Raw: 471	Voltage: 187
Raw: 472	Voltage: 187
Raw: 469	Voltage: 187
Raw: 473	Voltage: 188
Raw: 468	Voltage: 187
Raw: 472	Voltage: 187
Raw: 473	Voltage: 188
Raw: 470	Voltage: 187
Raw: 470	Voltage: 187
Raw: 472	Voltage: 187
Raw: 472	Voltage: 187
Raw: 467	Voltage: 186
Raw: 469	Voltage: 187
Raw: 470	Voltage: 187
Raw: 507	Voltage: 196
Raw: 470	Voltage: 187
Raw: 467	Voltage: 186
Raw: 470	Voltage: 187
Raw: 473	Voltage: 188
Raw: 470	Voltage: 187
Raw: 464	Voltage: 186
Raw: 482	Voltage: 190
Raw: 470	Voltage: 187
Raw: 471	Voltage: 187
Raw: 470	Voltage: 187
Raw: 469	Voltage: 187
Raw: 471	Voltage: 187
Raw: 470	Voltage: 187
Raw: 465	Voltage: 186
Raw: 470	Voltage: 187
Raw: 471	Voltage: 187
Raw: 471	Voltage: 187
Raw: 470	Voltage: 187
Raw: 471	Voltage: 187
Raw: 471	Voltage: 187
Raw: 471	Voltage: 187
Raw: 474	Voltage: 188
Raw: 468	Voltage: 187
Raw: 469	Voltage: 187
Raw: 472	Voltage: 187
Raw: 472	Voltage: 187
Raw: 472	Voltage: 187
Raw: 473	Voltage: 188
Raw: 468	Voltage: 187
Raw: 467	Voltage: 186
Raw: 468	Voltage: 187
Raw: 471	Voltage: 187
Raw: 470	Voltage: 187
Raw: 470	Voltage: 187
Raw: 472	Voltage: 187
Raw: 471	Voltage: 187
Raw: 468	Voltage: 187
Raw: 470	Voltage: 187
Raw: 471	Voltage: 187
Raw: 472	Voltage: 187
Raw: 468	Voltage: 187
Raw: 471	Voltage: 187
Raw: 470	Voltage: 187
Raw: 472	Voltage: 187
Raw: 468	Voltage: 187
Raw: 472	Voltage: 187
Raw: 468	Voltage: 187
Raw: 471	Voltage: 187
Raw: 471	Voltage: 187
Raw: 468	Voltage: 187
Raw: 471	Voltage: 187
Raw: 467	Voltage: 186
Raw: 468	Voltage: 187
Raw: 474	Voltage: 188
Raw: 472	Voltage: 187
Raw: 467	Voltage: 186
Raw: 467	Voltage: 186
Raw: 470	Voltage: 187
Raw: 471	Voltage: 187
Raw: 472	Voltage: 187
Raw: 470	Voltage: 187
