[0;32mI (163) esp_image: segment 4: paddr=000345e4 vaddr=400846ze=07930h ( 31024) load[0ï¿½ets Jun  8 2016 00:22:57

rst:0x1 (POWERON_RESET),boot:0x13 (SPI_FAST_FLASH_BOOT)
configsip: 0, SPIWP:0xee
clk_drv:0x00,q_drv:0x00,d_drv:0x00,cs0_drv:0x00,hd_drv:0x00,wp_drv:0x00
mode:DIO, clock div:2
load:0x3fff0030,len:7084
ho 0 tail 12 room 4
load:0x40078000,len:15584
load:0x40080400,len:4
load:0x40080404,len:3876
entry 0x4008064c
[0;32mI (31) boot: ESP-IDF v5.1.1-dirty 2nd stage bootloader[0m
[0;32mI (31) boot: compile time Dec  5 2023 00:45:14[0m
[0;32mI (31) boot: Multicore bootloader[0m
[0;32mI (36) boot: chip revision: v1.0[0m
[0;32mI (39) boot.esp32: SPI Speed      : 40MHz[0m
[0;32mI (44) boot.esp32: SPI Mode       : DIO[0m
[0;32mI (48) boot.esp32: SPI Flash Size : 2MB[0m
[0;32mI (53) boot: Enabling RNG early entropy source...[0m
[0;32mI (58) boot: Partition Table:[0m
[0;32mI (62) boot: ## Label            Usage          Type ST Offset   Length[0m
[0;32mI (69) boot:  0 nvs              WiFi data        01 02 00009000 00006000[0m
[0;32mI (77) boot:  1 phy_init         RF data          01 01 0000f000 00001000[0m
[0;32mI (84) boot:  2 factory          factory app      00 00 00010000 00100000[0m
[0;32mI (92) boot: End of partition table[0m
[0;32mI (96) esp_image: segment 0: paddr=00010020 vaddr=3f400020 size=09834h ( 38964) map[0m
[0;32mI (118) esp_image: segment 1: paddr=0001985c vaddr=3ffb0000 size=02100h (  8448) load[0m
[0;32mI (122) esp_image: segment 2: paddr=0001b964 vaddr=40080000 size=046b4h ( 18100) load[0m
[0;32mI (132) esp_image: segment 3: paddr=00020020 vaddr=400d0020 size=145bch ( 83388) map[0m
[0;32mI (163) esp_image: segment 4: paddr=000345e4 vaddr=400846b4 size=07930h ( 31024) load[0m
[0;32mI (182) boot: Loaded app from partition at offset 0x10000[0m
[0;32mI (182) boot: Disabling RNG early entropy source...[0m
[0;32mI (194) cpu_start: Multicore app[0m
[0;32mI (194) cpu_start: Pro cpu up.[0m
[0;32mI (194) cpu_start: Starting app cpu, entry point is 0x400810e8[0m
[0;32mI (0) cpu_start: App cpu up.[0m
[0;32mI (212) cpu_start: Pro cpu start user code[0m
[0;32mI (212) cpu_start: cpu freq: 160000000 Hz[0m
[0;32mI (212) cpu_start: Application information:[0m
[0;32mI (217) cpu_start: Project name:     main[0m
[0;32mI (221) cpu_start: App version:      1[0m
[0;32mI (226) cpu_start: Compile time:     Dec  5 2023 00:45:10[0m
[0;32mI (232) cpu_start: ELF file SHA256:  b6895d991b743d8d...[0m
[0;32mI (238) cpu_start: ESP-IDF:          v5.1.1-dirty[0m
[0;32mI (243) cpu_start: Min chip rev:     v0.0[0m
[0;32mI (248) cpu_start: Max chip rev:     v3.99 [0m
[0;32mI (253) cpu_start: Chip rev:         v1.0[0m
[0;32mI (258) heap_init: Initializing. RAM available for dynamic allocation:[0m
[0;32mI (265) heap_init: At 3FFAE6E0 len 00001920 (6 KiB): DRAM[0m
[0;32mI (271) heap_init: At 3FFB2978 len 0002D688 (181 KiB): DRAM[0m
[0;32mI (277) heap_init: At 3FFE0440 len 00003AE0 (14 KiB): D/IRAM[0m
[0;32mI (283) heap_init: At 3FFE4350 len 0001BCB0 (111 KiB): D/IRAM[0m
[0;32mI (290) heap_init: At 4008BFE4 len 0001401C (80 KiB): IRAM[0m
[0;32mI (298) spi_flash: detected chip: generic[0m
[0;32mI (301) spi_flash: flash io: dio[0m
[0;33mW (305) spi_flash: Detected size(4096k) larger than the size in the binary image header(2048k). Using the size in the binary image header.[0m
[0;33mW (318) ADC: legacy driver is deprecated, please migrate to `esp_adc/adc_oneshot.h`[0m
[0;32mI (327) app_start: Starting scheduler on CPU0[0m
[0;32mI (331) app_start: Starting scheduler on CPU1[0m
[0;32mI (331) main_task: Started on CPU0[0m
[0;32mI (341) main_task: Calling app_main()[0m
0.00 V DC
0.00 V DC
0.00 V DC
0.00 V DC
0.00 V DC
0.00 V DC
0.00 V DC
0.00 V DC
0.00 V DC
0.00 V DC
0.00 V DC
0.00 V DC
0.00 V DC
0.00 V DC
0.00 V DC
0.00 V DC
0.00 V DC
0.00 V DC
0.00 V DC
0.00 V DC
0.00 V DC
0.00 V DC
0.06 V DC
0.02 V DC
0.02 V DC
0.01 V DC
0.00 V DC
0.00 V DC
0.00 V DC
